error[E0277]: the trait bound `NotQuiteFourBytes: BitfieldSizeMod8<0>` is not satisfied
  --> tests/04-multiple-of-8bits.rs:54:12
   |
54 | pub struct NotQuiteFourBytes {
   |            ^^^^^^^^^^^^^^^^^ the trait `BitfieldSizeMod8<0>` is not implemented for `NotQuiteFourBytes`
   |
   = help: the trait `BitfieldSizeMod8<7>` is implemented for `NotQuiteFourBytes`
note: required by a bound in `TotalSizeIsMultipleOfEightBits`
  --> src/lib.rs
   |
   | bitfield_types!();
   | ^^^^^^^^^^^^^^^^^ required by this bound in `TotalSizeIsMultipleOfEightBits`
   = note: this error originates in the macro `bitfield_types` (in Nightly builds, run with -Z macro-backtrace for more info)
